python : Traceback (most recent call last):
At line:1 char:49
+ ... gnal_bot" ; python test_trading_logic.py 2>&1 > test_output.txt; Get- ...
+                 ~~~~~~~~~~~~~~~~~~~~~~~~~~~~~~~~~~~~~~~~~~~~~~~~~~~
    + CategoryInfo          : NotSpecified: (Traceback (most recent call last)::String) [], RemoteException
    + FullyQualifiedErrorId : NativeCommandError
 
  File "C:\Users\user\Documents\forex_signal_bot\test_trading_logic.py", line 296, in <module>



    exit_code = run_all_tests()
                ^^^^^^^^^^^^^^^
  File "C:\Users\user\Documents\forex_signal_bot\test_trading_logic.py", line 240, in run_all_tests
    print("\u2554" + "="*58 + "\u2557")
  File "C:\Users\user\AppData\Local\Programs\Python\Python311\Lib\encodings\cp1252.py", line 19, in encode
    return codecs.charmap_encode(input,self.errors,encoding_table)[0]
           ^^^^^^^^^^^^^^^^^^^^^^^^^^^^^^^^^^^^^^^^^^^^^^^^^^^^^^^
UnicodeEncodeError: 'charmap' codec can't encode character '\u2554' in position 0: character maps to <undefined>
